2026-07-06 21:33:26: ✅ WhatsApp Bridge HTTP Server rodando na porta 5001
2026-07-06 21:33:33: Escaneie o QR Code abaixo para conectar o robô do WhatsApp:
2026-07-06 21:33:33: ▄▄▄▄▄▄▄▄▄▄▄▄▄▄▄▄▄▄▄▄▄▄▄▄▄▄▄▄▄▄▄▄▄▄▄▄▄▄▄▄▄▄▄▄▄▄▄▄▄▄▄▄▄▄▄
2026-07-06 21:33:33: █ ▄▄▄▄▄ █ █▀ ▄▀▄▀█ ▀▄    ▄█ ▄▄  ▄  █ █▄▄▄▀▀ ▀██ ▄▄▄▄▄ █
2026-07-06 21:33:33: █ █   █ █ █▄  ██▄  ▄ ▀█▀▀█▄█▀ ██ █ ▄▀▄█▀▄▀▄▀▄▀█ █   █ █
2026-07-06 21:33:33: █ █▄▄▄█ █▀██▀███▄█ ▀▀ ▀▄▄ ▄▄▄ ▀▄█  █▀▀▄▄▀█▄ ███ █▄▄▄█ █
2026-07-06 21:33:33: █▄▄▄▄▄▄▄█▄▀▄█▄█ █ █▄█ █ ▀ █▄█ ▀ ▀ ▀▄▀ █ ▀▄█▄█ █▄▄▄▄▄▄▄█
2026-07-06 21:33:33: █  ██▄ ▄█▀▀▄█ ▀▀▀▀ ▄▀▀▀▀▀▄ ▄▄▄▀▀█ █▄▄▄█ ▄█  █ ██▄█    █
2026-07-06 21:33:33: █▄█▄▄  ▄▄▄██▀▄ █▄█▄▄  ▄█▄█▀██▄ █▄█▀▀▄ █▀▄▄▄█▄▄▀█ ▀▀▄█ █
2026-07-06 21:33:33: █ ▀▀▀▄█▄▀ █▄█▀▀ ▀█ ▄█ ▄▀ ▀ ▄▀█  ▀ ██ ▄▄ ▀█▀▀█▀ ▄▄▄█ ▀██
2026-07-06 21:33:33: █▀▄▄  ▀▄ █ ▀██▀██▀ ▄█    ▄ ▄█▄ ▀█ █▀▄ ▀▀█ █ ▀█ █ █ ██▄█
2026-07-06 21:33:33: ██▄▀▀█▀▄█▀█ █▀▄ ▄█ ▄▄ ▄█ ▄▀ ▀▀  █ ▄▄ ▄█▀ ▀▀ ▄▀▀█▄    ██
2026-07-06 21:33:33: ██ ▀ ▀ ▄▀▄█▀█▄▀ ▀ ▄▄▀ ▄███ █▄ ▄█▀█▀█ ▄▀▀▀▀  ▀▄ ▀ █ ▄█▄█
2026-07-06 21:33:33: █▀███▀▀▄▄█  ▀█ ▄▀▄ ▄▄ ▄▀▄ ▄▀▀▀▀▀█▄ █▄ █  ▀▀▀▄ ▀▄▄  ▄ ██
2026-07-06 21:33:33: █ ▄▀█ ▀▄▀▄▀ ▄ ▄ █  ▀▄▀ █▀▄▀▄▀▄ ▄█▄▀▄▀▀   ▄█ █▀▄ █ ▀█▀ █
2026-07-06 21:33:33: █▄▀ ▀ ▄▄▄ █▀▄█▀▀▀▀▄ ▄ ▄▀▄ ▄▄▄   █ ▄█  █ ▄█▀▀█ ▄▄▄ ▀█▀██
2026-07-06 21:33:33: █▄  ▀ █▄█   █▀  ▄█  ▄▀███ █▄█ ▀▄█ █▀▀█ ██▄ ██ █▄█ ▀█▀ █
2026-07-06 21:33:33: █▄▄█▀ ▄▄▄▄▄ ▄▄▄▄▄▄▄▄█ ▄▀▀▄ ▄ ▄ ▀  ▀█▄▄█▀▀█      ▄ ▄ ▀██
2026-07-06 21:33:33: █▀  ▀ ▀▄ █▀█▀ ▀█▀▄▄▄ ▄█▀ █▄ █ ▀ ▀ █▀▄▄▄ ▄▄▄▄ ▄▄▄▄▄▀█▀ █
2026-07-06 21:33:33: █▀▀▀█ ▄▄ █▀  █▄ ▄█▀▄█  █ ▀▀ █▀▀▀ ▄▄▄ ▄█ ▀▀▄  ██▀█▀█▀▄██
2026-07-06 21:33:33: █▄ ▄██▀▄█▄█▀ ▄▀▀▀ █▀▄ ▄▄▄ █▀▄ █▄▄▀▀▀▀▄▄▄▀▄█▄█ █ █▀▀▄▀▄█
2026-07-06 21:33:33: █ ▀ ▀█▄▄▄ ▄█▀▄▀▄▀█ ▄█  ██▄█▄█▀ ▀▀  ▄▄ ▄▀▄▀▀  ▄ █ ▀  ▀██
2026-07-06 21:33:33: █▀▄▀   ▄   ██ ▄ ▀██▄ ▀ ▄▄ █▄█▀ █▄ ▄▀▀ ▀▄▄ ▀  ▄▀ ██ █▀▄█
2026-07-06 21:33:33: ██ █  █▄▀█▀█▀█▀▀▀▀█▄▄▀ ▀ █▄▄ ▄ ▀▀▄▀▄▄▄█▀▄█  ▄▀█▄▄▀ ▀▀▀█
2026-07-06 21:33:33: █▄ ▀▄▄▄▄▄▄▀▄█▀█ ▄█ ▄▀█▀▄▄█ ██  ██▀ ▄  ███▀ ▄▄▀▄▄ ▀ ▄▄▄█
2026-07-06 21:33:33: ████▄██▄█ █▀█▄▄█▀█ ▄▄ ▀▀█ ▄▄▄ ▄ ▄  ▄▄▄▄▀ █ ▀▄ ▄▄▄ ▀▄▀ █
2026-07-06 21:33:33: █ ▄▄▄▄▄ █▀█▄█▄▄██ ▀▄▀  ▀▄ █▄█ ▀    ▄██▀  ▀█▀█ █▄█ ▀█ ▄█
2026-07-06 21:33:33: █ █   █ █▄█  ▀▀▀██▀▄▄▀▄▀▀▄  ▄▄   ▄▀▄  ▀▀▄▀▀▀▀  ▄ ▄█▀▀██
2026-07-06 21:33:33: █ █▄▄▄█ █▀ ▀▄▄▄▀▀ ▄▄█▄█▄▄▄█▄▀ ▀ ▀▀    ▄ █ ▄█▄█▄ ▄▀██▀▀█
2026-07-06 21:33:33: █▄▄▄▄▄▄▄█▄▄██▄▄▄█▄▄▄▄█▄█▄▄▄█▄█▄▄▄▄▄█▄▄▄▄▄███▄███▄▄██▄██
2026-07-06 21:33:33: 
2026-07-06 21:35:29: ✅ WhatsApp Bridge HTTP Server rodando na porta 5001
2026-07-06 21:36:15: ✅ WhatsApp Bridge HTTP Server rodando na porta 5001
2026-07-06 21:36:52: ✅ WhatsApp Bridge HTTP Server rodando na porta 5001
2026-07-06 21:37:52: ✅ WhatsApp Bridge HTTP Server rodando na porta 5001
2026-07-06 21:40:04: ✅ WhatsApp Bridge HTTP Server rodando na porta 5001
